// Jest Snapshot v1, https://goo.gl/fbAQLP

exports[`<App /> should render and match the snapshot 1`] = `
<div
  data-testid="sign-up-form"
>
  <Formik
    initialValues={
      {
        "confirmPassword": "",
        "email": "",
        "firstName": "",
        "lastName": "",
        "password": "",
      }
    }
    onSubmit={[Function]}
    validationSchema={
      ObjectSchema {
        "_blacklist": Set {},
        "_excludedEdges": [],
        "_mutate": undefined,
        "_nodes": [
          "confirmPassword",
          "password",
          "email",
          "lastName",
          "firstName",
        ],
        "_sortErrors": [Function],
        "_typeCheck": [Function],
        "_whitelist": Set {},
        "conditions": [],
        "deps": [],
        "exclusiveTests": {},
        "fields": {
          "confirmPassword": StringSchema {
            "_blacklist": Set {},
            "_typeCheck": [Function],
            "_whitelist": Set {
              Reference {
                "getter": [Function],
                "isContext": false,
                "isSibling": true,
                "isValue": false,
                "key": "password",
                "map": undefined,
                "path": "password",
              },
              "",
            },
            "conditions": [],
            "deps": [],
            "exclusiveTests": {
              "required": false,
            },
            "internalTests": {
              "nullable": [Function],
              "optionality": [Function],
              "typeError": [Function],
              "whiteList": [Function],
            },
            "spec": {
              "abortEarly": true,
              "coerce": true,
              "nullable": false,
              "optional": false,
              "recursive": true,
              "strict": false,
              "strip": false,
            },
            "tests": [
              [Function],
            ],
            "transforms": [
              [Function],
            ],
            "type": "string",
          },
          "email": StringSchema {
            "_blacklist": Set {},
            "_mutate": undefined,
            "_typeCheck": [Function],
            "_whitelist": Set {},
            "conditions": [],
            "deps": [],
            "exclusiveTests": {
              "email": false,
              "required": false,
            },
            "internalTests": {
              "nullable": [Function],
              "optionality": [Function],
              "typeError": [Function],
            },
            "spec": {
              "abortEarly": true,
              "coerce": true,
              "nullable": false,
              "optional": false,
              "recursive": true,
              "strict": false,
              "strip": false,
            },
            "tests": [
              [Function],
              [Function],
            ],
            "transforms": [
              [Function],
            ],
            "type": "string",
          },
          "firstName": StringSchema {
            "_blacklist": Set {},
            "_mutate": undefined,
            "_typeCheck": [Function],
            "_whitelist": Set {},
            "conditions": [],
            "deps": [],
            "exclusiveTests": {
              "max": true,
              "min": true,
              "required": false,
            },
            "internalTests": {
              "nullable": [Function],
              "optionality": [Function],
              "typeError": [Function],
            },
            "spec": {
              "abortEarly": true,
              "coerce": true,
              "nullable": false,
              "optional": false,
              "recursive": true,
              "strict": false,
              "strip": false,
            },
            "tests": [
              [Function],
              [Function],
              [Function],
            ],
            "transforms": [
              [Function],
            ],
            "type": "string",
          },
          "lastName": StringSchema {
            "_blacklist": Set {},
            "_mutate": undefined,
            "_typeCheck": [Function],
            "_whitelist": Set {},
            "conditions": [],
            "deps": [],
            "exclusiveTests": {
              "max": true,
              "min": true,
              "required": false,
            },
            "internalTests": {
              "nullable": [Function],
              "optionality": [Function],
              "typeError": [Function],
            },
            "spec": {
              "abortEarly": true,
              "coerce": true,
              "nullable": false,
              "optional": false,
              "recursive": true,
              "strict": false,
              "strip": false,
            },
            "tests": [
              [Function],
              [Function],
              [Function],
            ],
            "transforms": [
              [Function],
            ],
            "type": "string",
          },
          "password": StringSchema {
            "_blacklist": Set {},
            "_typeCheck": [Function],
            "_whitelist": Set {},
            "conditions": [],
            "deps": [],
            "exclusiveTests": {
              "max": true,
              "min": true,
              "required": false,
            },
            "internalTests": {
              "nullable": [Function],
              "optionality": [Function],
              "typeError": [Function],
            },
            "spec": {
              "abortEarly": true,
              "coerce": true,
              "nullable": false,
              "optional": false,
              "recursive": true,
              "strict": false,
              "strip": false,
            },
            "tests": [
              [Function],
              [Function],
              [Function],
            ],
            "transforms": [
              [Function],
            ],
            "type": "string",
          },
        },
        "internalTests": {
          "nullable": [Function],
          "typeError": [Function],
        },
        "spec": {
          "abortEarly": true,
          "coerce": true,
          "nullable": false,
          "optional": true,
          "recursive": true,
          "strict": false,
          "strip": false,
        },
        "tests": [],
        "transforms": [],
        "type": "object",
      }
    }
  >
    [Function]
  </Formik>
</div>
`;
